Copyright 1986-2022 Xilinx, Inc. All Rights Reserved.
-----------------------------------------------------------------------------------------
| Tool Version : Vivado v.2022.2 (lin64) Build 3671981 Fri Oct 14 04:59:54 MDT 2022
| Date         : Fri Mar  8 11:33:38 2024
| Host         : thisguy running 64-bit Ubuntu 20.04.6 LTS
| Command      : report_control_sets -verbose -file framesMaster_control_sets_placed.rpt
| Design       : framesMaster
| Device       : xc7z020
-----------------------------------------------------------------------------------------

Control Set Information

Table of Contents
-----------------
1. Summary
2. Histogram
3. Flip-Flop Distribution
4. Detailed Control Set Information

1. Summary
----------

+----------------------------------------------------------+-------+
|                          Status                          | Count |
+----------------------------------------------------------+-------+
| Total control sets                                       |    44 |
|    Minimum number of control sets                        |    44 |
|    Addition due to synthesis replication                 |     0 |
|    Addition due to physical synthesis replication        |     0 |
| Unused register locations in slices containing registers |   144 |
+----------------------------------------------------------+-------+
* Control sets can be merged at opt_design using control_set_merge or merge_equivalent_drivers
** Run report_qor_suggestions for automated merging and remapping suggestions


2. Histogram
------------

+--------------------+-------+
|       Fanout       | Count |
+--------------------+-------+
| Total control sets |    44 |
| >= 0 to < 4        |     5 |
| >= 4 to < 6        |     7 |
| >= 6 to < 8        |     6 |
| >= 8 to < 10       |     2 |
| >= 10 to < 12      |     1 |
| >= 12 to < 14      |     5 |
| >= 14 to < 16      |     0 |
| >= 16              |    18 |
+--------------------+-------+
* Control sets can be remapped at either synth_design or opt_design


3. Flip-Flop Distribution
-------------------------

+--------------+-----------------------+------------------------+-----------------+--------------+
| Clock Enable | Synchronous Set/Reset | Asynchronous Set/Reset | Total Registers | Total Slices |
+--------------+-----------------------+------------------------+-----------------+--------------+
| No           | No                    | No                     |              54 |           34 |
| No           | No                    | Yes                    |               0 |            0 |
| No           | Yes                   | No                     |              64 |           22 |
| Yes          | No                    | No                     |             390 |          123 |
| Yes          | No                    | Yes                    |               0 |            0 |
| Yes          | Yes                   | No                     |             156 |           52 |
+--------------+-----------------------+------------------------+-----------------+--------------+


4. Detailed Control Set Information
-----------------------------------

+-----------------+------------------------------------------+----------------------------------------+------------------+----------------+--------------+
|   Clock Signal  |               Enable Signal              |            Set/Reset Signal            | Slice Load Count | Bel Load Count | Bels / Slice |
+-----------------+------------------------------------------+----------------------------------------+------------------+----------------+--------------+
|  clk_IBUF_BUFG  | outMaster/memCounter                     |                                        |                1 |              1 |         1.00 |
|  clk25mhz_BUFG  | vga/v_rn                                 |                                        |                1 |              1 |         1.00 |
|  clk_IBUF_BUFG  | outMaster/genFrame_i_1_n_0               | outMaster/genFrame0                    |                1 |              1 |         1.00 |
|  clk25/clk50mhz |                                          |                                        |                1 |              1 |         1.00 |
|  clk25mhz_BUFG  |                                          |                                        |                2 |              2 |         1.00 |
|  clk_IBUF_BUFG  | sDesigner/row                            |                                        |                1 |              4 |         4.00 |
|  clk_IBUF_BUFG  | outMaster/trCount                        | outMaster/pixelN[5]_i_1_n_0            |                2 |              4 |         2.00 |
|  clk_IBUF_BUFG  | outMaster/FSM_onehot_state[3]_i_1_n_0    | collision/SR[0]                        |                1 |              4 |         4.00 |
|  clk_IBUF_BUFG  | outMaster/r[3]_i_2_n_0                   | outMaster/FSM_onehot_state_reg_n_0_[3] |                3 |              4 |         1.33 |
|  clk_IBUF_BUFG  | sDesigner/entCount                       | sDesigner/CEB2                         |                2 |              5 |         2.50 |
|  clk_IBUF_BUFG  | outMaster/bigRow                         |                                        |                1 |              5 |         5.00 |
|  clk_IBUF_BUFG  | sDesigner/CEB2                           | sDesigner/vCount[5]_i_1_n_0            |                1 |              5 |         5.00 |
|  clk_IBUF_BUFG  | dStruct/FSM_sequential_state_reg_n_0_[0] | dStruct/data[11]_i_1_n_0               |                1 |              6 |         6.00 |
|  clk_IBUF_BUFG  | sDesigner/vData[10]_i_2_n_0              | sDesigner/vData[10]_i_1_n_0            |                3 |              6 |         2.00 |
|  clk_IBUF_BUFG  | sDesigner/vData[10]_i_2_n_0              | sDesigner/vData[11]_i_1_n_0            |                3 |              6 |         2.00 |
|  clk_IBUF_BUFG  | outMaster/enb                            |                                        |                4 |              7 |         1.75 |
|  clk_IBUF_BUFG  | sDesigner/eAddr[13]_i_1_n_0              |                                        |                2 |              7 |         3.50 |
|  clk_IBUF_BUFG  | sDesigner/eAddr[13]_i_1_n_0              | sDesigner/eAddr[7]_i_1_n_0             |                2 |              7 |         3.50 |
|  clk_IBUF_BUFG  | conta[20]_i_1_n_0                        |                                        |                4 |              8 |         2.00 |
|  clk_IBUF_BUFG  | outMaster/r[3]_i_2_n_0                   | outMaster/r[3]_i_1_n_0                 |                6 |              8 |         1.33 |
|  clk_IBUF_BUFG  | collision/currRow                        |                                        |                4 |             11 |         2.75 |
|  clk25mhz_BUFG  |                                          | vga/red[3]_i_1_n_0                     |                7 |             12 |         1.71 |
|  clk_IBUF_BUFG  | outMaster/angelCount                     |                                        |                3 |             12 |         4.00 |
|  clk_IBUF_BUFG  | outMaster/addrAngel[12]_i_1_n_0          |                                        |                4 |             13 |         3.25 |
|  clk_IBUF_BUFG  | sDesigner/entCount                       |                                        |                4 |             13 |         3.25 |
|  clk_IBUF_BUFG  | sDesigner/count[13]_i_2_n_0              | sDesigner/count[13]_i_1_n_0            |                4 |             13 |         3.25 |
|  clk_IBUF_BUFG  | outMaster/memCounter                     | outMaster/memCounter[16]_i_1_n_0       |                4 |             16 |         4.00 |
|  clk_IBUF_BUFG  | outMaster/flipCount                      |                                        |                5 |             17 |         3.40 |
|  clk_IBUF_BUFG  | sDesigner/CEC                            |                                        |                7 |             18 |         2.57 |
|  clk_IBUF_BUFG  | dStruct/FSM_sequential_state_reg_n_0_[0] |                                        |                6 |             18 |         3.00 |
|  clk_IBUF_BUFG  | outMaster/vgaCount                       | outMaster/vgaCount[18]_i_1_n_0         |                5 |             18 |         3.60 |
|  clk_IBUF_BUFG  | sDesigner/vData[10]_i_2_n_0              |                                        |                4 |             18 |         4.50 |
|  clk_IBUF_BUFG  | outMaster/FSM_onehot_state_reg_n_0_[2]   |                                        |                7 |             21 |         3.00 |
|  clk_IBUF_BUFG  |                                          | conta[20]_i_1_n_0                      |                6 |             21 |         3.50 |
|  clk_IBUF_BUFG  | collision/currRow                        | collision/currRow[27]_i_1_n_0          |                6 |             23 |         3.83 |
|  clk_IBUF_BUFG  | dStruct/E[0]                             |                                        |                6 |             24 |         4.00 |
|  clk_IBUF_BUFG  | outMaster/trCount                        |                                        |                9 |             30 |         3.33 |
|  clk25mhz_BUFG  | vga/v_rn                                 | vga/v_rn[30]_i_1_n_0                   |                8 |             30 |         3.75 |
|  clk_IBUF_BUFG  | playerX[0]_i_1_n_0                       |                                        |                8 |             31 |         3.88 |
|  clk25mhz_BUFG  |                                          | vga/p_0_in                             |                9 |             31 |         3.44 |
|  clk_IBUF_BUFG  | outMaster/timeCount                      |                                        |                8 |             32 |         4.00 |
|  clk_IBUF_BUFG  | dStruct/prevRow[31]_i_1_n_0              |                                        |               13 |             32 |         2.46 |
|  clk_IBUF_BUFG  |                                          |                                        |               31 |             51 |         1.65 |
|  clk_IBUF_BUFG  | outMaster/pixelN[5]_i_1_n_0              |                                        |               21 |             67 |         3.19 |
+-----------------+------------------------------------------+----------------------------------------+------------------+----------------+--------------+


